Microchip MPLAB XC8 Compiler V3.00

Linker command line:

-W-3 \
  --edf=C:/Program Files/Microchip/MPLABX/v6.25/packs/Microchip/PIC18Fxxxx_DFP/1.7.171/xc8\pic\dat\20250117225543_en.msgs \
  -cn -h+dist/default/production\ALMACEN.X.production.sym \
  --cmf=dist/default/production\ALMACEN.X.production.cmf -z -Q18F4550 \
  -oC:\Users\XXX\AppData\Local\Temp\xcAsqk.\driver_tmp_3.o \
  --defsym=__MPLAB_BUILD=1 --fixupoverflow=error \
  -Mdist/default/production/ALMACEN.X.production.map \
  --md=C:\Users\XXX\AppData\Local\Temp\xcAsqk.\driver_tmp_0.dat -E1 \
  -ver=XC8 Compiler -ACODE=00h-07FFFh -ACONST=00h-07FFFh \
  -ASMALLCONST=0800h-08FFhx120 -AMEDIUMCONST=0800h-07FFFh -ACOMRAM=01h-05Fh \
  -AABS1=00h-07FFh -ABIGRAM=01h-07FFh -ARAM=060h-0FFh,0100h-01FFhx7 \
  -ABANK0=060h-0FFh -ABANK1=0100h-01FFh -ABANK2=0200h-02FFh \
  -ABANK3=0300h-03FFh -ABANK4=0400h-04FFh -ABANK5=0500h-05FFh \
  -ABANK6=0600h-06FFh -ABANK7=0700h-07FFh -ASFR=0F60h-0FFFh \
  -ABIGSFR=0F60h-0FFFh -ACONFIG=0300000h-030000Dh -AIDLOC=0200000h-0200007h \
  -AEEDATA=0F00000h-0F000FFh -peeprom_data=EEDATA \
  -preset_vec=00h,intcode=8h,intcodelo=18h,sivt_lo,sivt_hi=CODE \
  -ppowerup=CODE,init -pramtop=0800h -psmallconst=SMALLCONST \
  -pmediumconst=MEDIUMCONST -pconst=CONST -AFARRAM=00h-00h \
  -prdata=COMRAM,nvrram=COMRAM,nvbit=COMRAM,rbss=COMRAM,rbit=COMRAM \
  -pfarbss=FARRAM,fardata=FARRAM,nvFARRAM=FARRAM \
  -pintsave_regs=BIGRAM,bigbss=BIGRAM,bigdata=BIGRAM -pbss=RAM \
  -pidata=CODE,irdata=CODE,ibigdata=CODE,ifardata=CODE -prparam=COMRAM \
  C:\Users\XXX\AppData\Local\Temp\xcAsqk.\driver_tmp_9.o \
  dist/default/production\ALMACEN.X.production.o 

Object code version is 3.11

Machine type is 18F4550



                Name                               Link     Load   Length Selector   Space Scale
C:\Users\XXX\AppData\Local\Temp\xcAsqk.\driver_tmp_9.o
                config                           300000   300000        E        0       4
                init                                 D8       D8        4        C       0
                reset_vec                             0        0        4        0       0
dist/default/production\ALMACEN.X.production.o
                intcodelo                            18       18       C0        C       0
                intcode                               8        8        6        4       0
                config                           300000   300000        E        0       4
                temp                                 3C       3C        1        1       1
                smallconst                          800      800       28      400       0
                intcode_body                       11EC     11EC       12      414       0
                text23                              FF2      FF2       5C      414       0
                text22                             1180     1180       20      414       0
                text21                             1236     1236        E      414       0
                text20                              D38      D38       D2      414       0
                text18                              F96      F96       5C      414       0
                text17                             1160     1160       20      414       0
                text16                              C66      C66       D2      414       0
                text15                             1128     1128       38      414       0
                text14                              A10      A10      134      414       0
                text13                             1228     1228        E      414       0
                text12                              828      828      1E8      414       0
                text11                             121A     121A        E      414       0
                text10                             120C     120C        E      414       0
                text9                               E94      E94       82      414       0
                text8                              109C     109C       4A      414       0
                text7                              11FE     11FE        E      414       0
                text6                              104E     104E       4E      414       0
                text5                               E0A      E0A       8A      414       0
                text4                               F16      F16       80      414       0
                text3                              11D8     11D8       14      414       0
                text2                              11A0     11A0       1E      414       0
                text1                              10E6     10E6       42      414       0
                text0                               B44      B44      122      414       0
                cstackCOMRAM                          1        1       1E        1       1
                bssCOMRAM                            1F       1F       1D        1       1
                cinit                              11BE     11BE       1A      414       0

TOTAL           Name                               Link     Load   Length     Space
        CLASS   CODE           
                intcodelo                            18       18       C0         0
                intcode                               8        8        6         0
                init                                 D8       D8        4         0
                reset_vec                             0        0        4         0
                intcode_body                       11EC     11EC       12         0
                text23                              FF2      FF2       5C         0
                text22                             1180     1180       20         0
                text21                             1236     1236        E         0
                text20                              D38      D38       D2         0
                text18                              F96      F96       5C         0
                text17                             1160     1160       20         0
                text16                              C66      C66       D2         0
                text15                             1128     1128       38         0
                text14                              A10      A10      134         0
                text13                             1228     1228        E         0
                text12                              828      828      1E8         0
                text11                             121A     121A        E         0
                text10                             120C     120C        E         0
                text9                               E94      E94       82         0
                text8                              109C     109C       4A         0
                text7                              11FE     11FE        E         0
                text6                              104E     104E       4E         0
                text5                               E0A      E0A       8A         0
                text4                               F16      F16       80         0
                text3                              11D8     11D8       14         0
                text2                              11A0     11A0       1E         0
                text1                              10E6     10E6       42         0
                text0                               B44      B44      122         0
                cinit                              11BE     11BE       1A         0

        CLASS   CONST          

        CLASS   SMALLCONST     
                smallconst                          800      800       28         0

        CLASS   MEDIUMCONST    

        CLASS   COMRAM         
                temp                                 3C       3C        1         1
                cstackCOMRAM                          1        1       1E         1
                bssCOMRAM                            1F       1F       1D         1

        CLASS   ABS1           

        CLASS   BIGRAM         

        CLASS   RAM            

        CLASS   BANK0          

        CLASS   BANK1          

        CLASS   BANK2          

        CLASS   BANK3          

        CLASS   BANK4          

        CLASS   BANK5          

        CLASS   BANK6          

        CLASS   BANK7          

        CLASS   SFR            

        CLASS   BIGSFR         

        CLASS   CONFIG         
                config                           300000   300000        E         4

        CLASS   IDLOC          

        CLASS   EEDATA         

        CLASS   FARRAM         

        CLASS   HEAP           

        CLASS   STACK          



SEGMENTS        Name                           Load    Length   Top    Selector   Space  Class

                reset_vec                      000000  000004  000004         0       0  CODE    
                cstackCOMRAM                   000001  00003C  00003D         1       1  COMRAM  
                intcode                        000008  000006  00000E         4       0  CODE    
                intcodelo                      000018  0000C4  0000DC         C       0  CODE    
                smallconst                     000800  000028  000828       400       0  SMALLCON
                text12                         000828  000A1C  001244       414       0  CODE    


UNUSED ADDRESS RANGES

        Name                Unused          Largest block    Delta
        BANK0            000060-0000FF               A0
        BANK1            000100-0001FF              100
        BANK2            000200-0002FF              100
        BANK3            000300-0003FF              100
        BANK4            000400-0004FF              100
        BANK5            000500-0005FF              100
        BANK6            000600-0006FF              100
        BANK7            000700-0007FF              100
        BIGRAM           00003D-0007FF              7C3
        BIGSFR           000F60-000FFF               A0
        CODE             000004-000007                4
                         00000E-000017                A
                         0000DC-0007FF              724
                         001244-007FFF             6DBC
        COMRAM           00003D-00005F               23
        CONST            000004-000007                4
                         00000E-000017                A
                         0000DC-0007FF              724
                         001244-007FFF             6DBC
        EEDATA           F00000-F000FF              100
        IDLOC            200000-200007                8
        MEDIUMCONST      001244-007FFF             6DBC
        RAM              000060-0007FF              100
        SFR              000F60-000FFF               A0
        SMALLCONST       001244-007FFF              100

                                  Symbol Table

Actualizar_Matriz@i           cstackCOMRAM 000017
Actualizar_Matriz@i_671       cstackCOMRAM 000019
Actualizar_Matriz@i_672       cstackCOMRAM 00001B
Lcd_CGRAM_CreateChar@add      cstackCOMRAM 000013
Lcd_CGRAM_CreateChar@chardata cstackCOMRAM 000011
Lcd_CGRAM_CreateChar@i        cstackCOMRAM 000014
Lcd_CGRAM_CreateChar@i_850    cstackCOMRAM 000015
Lcd_CGRAM_CreateChar@i_851    cstackCOMRAM 000016
Lcd_CGRAM_CreateChar@i_852    cstackCOMRAM 000017
Lcd_CGRAM_CreateChar@i_853    cstackCOMRAM 000018
Lcd_CGRAM_CreateChar@i_854    cstackCOMRAM 000019
Lcd_CGRAM_CreateChar@i_855    cstackCOMRAM 00001A
Lcd_CGRAM_CreateChar@i_856    cstackCOMRAM 00001B
Lcd_Cmd@a                     cstackCOMRAM 00000F
Lcd_Port@a                    cstackCOMRAM 00000D
Lcd_Set_Cursor@a              cstackCOMRAM 000011
Lcd_Set_Cursor@b              cstackCOMRAM 000010
Lcd_Set_Cursor@temp           cstackCOMRAM 000014
Lcd_Set_Cursor@y              cstackCOMRAM 000013
Lcd_Set_Cursor@z              cstackCOMRAM 000012
Lcd_Write_Char@a              cstackCOMRAM 000010
Lcd_Write_Char@temp           cstackCOMRAM 00000E
Lcd_Write_Char@y              cstackCOMRAM 00000F
Lcd_Write_String@a            cstackCOMRAM 000011
Lcd_Write_String@i            cstackCOMRAM 000013
LowISR@dummy                  cstackCOMRAM 00000C
_ADCON1bits                   (abs)        000FC1
_Actualizar_Matriz            text14       000A10
_BLANCA                       bssCOMRAM    00003A
_Fila1                        bssCOMRAM    00002F
_Fila2                        bssCOMRAM    000027
_Fila3                        bssCOMRAM    00001F
_INTCON                       (abs)        000FF2
_INTCON2bits                  (abs)        000FF1
_INTCONbits                   (abs)        000FF2
_LATA                         (abs)        000F89
_LATB                         (abs)        000F8A
_LATC                         (abs)        000F8B
_LATCbits                     (abs)        000F8B
_LATD                         (abs)        000F8C
_LATDbits                     (abs)        000F8C
_LATE                         (abs)        000F8D
_LATEbits                     (abs)        000F8D
_Lcd_Blink                    text21       001236
_Lcd_CGRAM_Close              text13       001228
_Lcd_CGRAM_CreateChar         text12       000828
_Lcd_CGRAM_Init               text11       00121A
_Lcd_Clear                    text10       00120C
_Lcd_Cmd                      text17       001160
_Lcd_Init                     text9        000E94
_Lcd_NoBlink                  text7        0011FE
_Lcd_Port                     text18       000F96
_Lcd_Set_Cursor               text16       000C66
_Lcd_Write_Char               text15       001128
_Lcd_Write_String             text8        00109C
_LowISR                       intcodelo    000018
_METAL                        bssCOMRAM    00003B
_Modificar                    text6        00104E
_NEGRA                        bssCOMRAM    000039
_PORTAbits                    (abs)        000F80
_PORTB                        (abs)        000F81
_PORTBbits                    (abs)        000F81
_PORTCbits                    (abs)        000F82
_RCONbits                     (abs)        000FD0
_Stop                         intcode      000008
_T0CON                        (abs)        000FD5
_T0CONbits                    (abs)        000FD5
_TMR0L                        (abs)        000FD6
_TRISA                        (abs)        000F92
_TRISB                        (abs)        000F93
_TRISC                        (abs)        000F94
_TRISCbits                    (abs)        000F94
_TRISD                        (abs)        000F95
_TRISDbits                    (abs)        000F95
_TRISE                        (abs)        000F96
__HRAM                        (abs)        000000
__H__absolute__               __absolute__ 000000
__Habs1                       abs1         000000
__Hbank0                      bank0        000000
__Hbank1                      bank1        000000
__Hbank2                      bank2        000000
__Hbank3                      bank3        000000
__Hbank4                      bank4        000000
__Hbank5                      bank5        000000
__Hbank6                      bank6        000000
__Hbank7                      bank7        000000
__Hbigbss                     bigbss       000000
__Hbigdata                    bigdata      000000
__Hbigram                     bigram       000000
__Hbigsfr                     bigsfr       000000
__Hbss                        bss          000000
__HbssCOMRAM                  bssCOMRAM    000000
__Hcinit                      cinit        000000
__Hclrtext                    clrtext      000000
__Hcomram                     comram       000000
__Hconfig                     config       30000E
__Hconst                      const        000000
__HcstackCOMRAM               cstackCOMRAM 000000
__Hdata                       data         000000
__Heeprom_data                eeprom_data  000000
__Hfarbss                     farbss       000000
__Hfardata                    fardata      000000
__Hheap                       heap         000000
__Hibigdata                   ibigdata     000000
__Hidata                      idata        000000
__Hidloc                      idloc        000000
__Hifardata                   ifardata     000000
__Hinit                       init         0000DC
__Hintcode                    intcode      00000E
__Hintcode_body               intcode_body 000000
__Hintcodelo                  intcodelo    0000D8
__Hintentry                   intentry     000000
__Hintret                     intret       000000
__Hintsave_regs               intsave_regs 000000
__Hirdata                     irdata       000000
__Hmediumconst                mediumconst  000000
__HnvFARRAM                   nvFARRAM     000000
__Hnvbit                      nvbit        000000
__Hnvrram                     nvrram       000000
__Hparam                      rparam       000000
__Hpowerup                    powerup      000000
__Hram                        ram          000000
__Hramtop                     ramtop       000800
__Hrbit                       rbit         000000
__Hrbss                       rbss         000000
__Hrdata                      rdata        000000
__Hreset_vec                  reset_vec    000004
__Hrparam                     rparam       000000
__Hsfr                        sfr          000000
__Hsivt_hi                    sivt_hi      000000
__Hsivt_lo                    sivt_lo      0000D8
__Hsmallconst                 smallconst   000828
__Hspace_0                    (abs)        001244
__Hspace_1                    (abs)        00003D
__Hspace_2                    (abs)        000000
__Hspace_4                    (abs)        60000E
__Hstack                      stack        000000
__Hstruct                     struct       000000
__Htemp                       temp         00003D
__Htext                       text         000000
__Htext0                      text0        000000
__Htext1                      text1        000000
__Htext10                     text10       000000
__Htext11                     text11       000000
__Htext12                     text12       000000
__Htext13                     text13       000000
__Htext14                     text14       000000
__Htext15                     text15       000000
__Htext16                     text16       000000
__Htext17                     text17       000000
__Htext18                     text18       000000
__Htext2                      text2        000000
__Htext20                     text20       000000
__Htext21                     text21       000000
__Htext22                     text22       000000
__Htext23                     text23       000000
__Htext3                      text3        000000
__Htext4                      text4        000000
__Htext5                      text5        000000
__Htext6                      text6        000000
__Htext7                      text7        000000
__Htext8                      text8        000000
__Htext9                      text9        000000
__LRAM                        (abs)        000001
__L__absolute__               __absolute__ 000000
__Labs1                       abs1         000000
__Lbank0                      bank0        000000
__Lbank1                      bank1        000000
__Lbank2                      bank2        000000
__Lbank3                      bank3        000000
__Lbank4                      bank4        000000
__Lbank5                      bank5        000000
__Lbank6                      bank6        000000
__Lbank7                      bank7        000000
__Lbigbss                     bigbss       000000
__Lbigdata                    bigdata      000000
__Lbigram                     bigram       000000
__Lbigsfr                     bigsfr       000000
__Lbss                        bss          000000
__LbssCOMRAM                  bssCOMRAM    000000
__Lcinit                      cinit        000000
__Lclrtext                    clrtext      000000
__Lcomram                     comram       000000
__Lconfig                     config       000000
__Lconst                      const        000000
__LcstackCOMRAM               cstackCOMRAM 000000
__Ldata                       data         000000
__Leeprom_data                eeprom_data  000000
__Lfarbss                     farbss       000000
__Lfardata                    fardata      000000
__Lheap                       heap         000000
__Libigdata                   ibigdata     000000
__Lidata                      idata        000000
__Lidloc                      idloc        000000
__Lifardata                   ifardata     000000
__Linit                       init         0000D8
__Lintcode                    intcode      000008
__Lintcode_body               intcode_body 000000
__Lintcodelo                  intcodelo    000018
__Lintentry                   intentry     000000
__Lintret                     intret       000000
__Lintsave_regs               intsave_regs 000000
__Lirdata                     irdata       000000
__Lmediumconst                mediumconst  000000
__LnvFARRAM                   nvFARRAM     000000
__Lnvbit                      nvbit        000000
__Lnvrram                     nvrram       000000
__Lparam                      rparam       000000
__Lpowerup                    powerup      000000
__Lram                        ram          000000
__Lramtop                     ramtop       000800
__Lrbit                       rbit         000000
__Lrbss                       rbss         000000
__Lrdata                      rdata        000000
__Lreset_vec                  reset_vec    000000
__Lrparam                     rparam       000000
__Lsfr                        sfr          000000
__Lsivt_hi                    sivt_hi      000000
__Lsivt_lo                    sivt_lo      0000D8
__Lsmallconst                 smallconst   000800
__Lspace_0                    (abs)        000000
__Lspace_1                    (abs)        000000
__Lspace_2                    (abs)        000000
__Lspace_4                    (abs)        000000
__Lstack                      stack        000000
__Lstruct                     struct       000000
__Ltemp                       temp         00003C
__Ltext                       text         000000
__Ltext0                      text0        000000
__Ltext1                      text1        000000
__Ltext10                     text10       000000
__Ltext11                     text11       000000
__Ltext12                     text12       000000
__Ltext13                     text13       000000
__Ltext14                     text14       000000
__Ltext15                     text15       000000
__Ltext16                     text16       000000
__Ltext17                     text17       000000
__Ltext18                     text18       000000
__Ltext2                      text2        000000
__Ltext20                     text20       000000
__Ltext21                     text21       000000
__Ltext22                     text22       000000
__Ltext23                     text23       000000
__Ltext3                      text3        000000
__Ltext4                      text4        000000
__Ltext5                      text5        000000
__Ltext6                      text6        000000
__Ltext7                      text7        000000
__Ltext8                      text8        000000
__Ltext9                      text9        000000
__S0                          (abs)        001244
__S1                          (abs)        00003D
__S4                          (abs)        000000
__S5                          (abs)        000000
___heap_hi                    (abs)        000000
___heap_lo                    (abs)        000000
___inthi_sp                   stack        000000
___inthi_stack_hi             stack        000000
___inthi_stack_lo             stack        000000
___intlo_sp                   stack        000000
___intlo_stack_hi             stack        000000
___intlo_stack_lo             stack        000000
___param_bank                 (abs)        000000
___rparam_used                (abs)        000001
___sp                         stack        000000
___stack_hi                   stack        000000
___stack_lo                   stack        000000
__accesstop                   (abs)        000060
__activetblptr                (abs)        000002
__end_of_Actualizar_Matriz    text14       000B44
__end_of_Lcd_Blink            text21       001244
__end_of_Lcd_CGRAM_Close      text13       001236
__end_of_Lcd_CGRAM_CreateChar text12       000A10
__end_of_Lcd_CGRAM_Init       text11       001228
__end_of_Lcd_Clear            text10       00121A
__end_of_Lcd_Cmd              text17       001180
__end_of_Lcd_Init             text9        000F16
__end_of_Lcd_NoBlink          text7        00120C
__end_of_Lcd_Port             text18       000FF2
__end_of_Lcd_Set_Cursor       text16       000D38
__end_of_Lcd_Write_Char       text15       001160
__end_of_Lcd_Write_String     text8        0010E6
__end_of_LowISR               intcodelo    0000D8
__end_of_Modificar            text6        00109C
__end_of_Stop                 intcode_body 0011FE
__end_of__initialization      cinit        0011CA
__end_of_dejar                text5        000E94
__end_of_detectar             text4        000F96
__end_of_figura_1             smallconst   000811
__end_of_figura_2             smallconst   000809
__end_of_init_int             text3        0011EC
__end_of_init_ports           text2        0011BE
__end_of_main                 text0        000C66
__end_of_reposo               text1        001128
__end_ofi1_Lcd_Cmd            text22       0011A0
__end_ofi1_Lcd_Port           text23       00104E
__end_ofi1_Lcd_Set_Cursor     text20       000E0A
__initialization              cinit        0011BE
__mediumconst                 smallconst   000800
__pbssCOMRAM                  bssCOMRAM    00001F
__pcinit                      cinit        0011BE
__pcstackCOMRAM               cstackCOMRAM 000001
__pintcode                    intcode      000008
__pintcode_body               intcode_body 0011EC
__pintcodelo                  intcodelo    000018
__psmallconst                 smallconst   000800
__ptext0                      text0        000B44
__ptext1                      text1        0010E6
__ptext10                     text10       00120C
__ptext11                     text11       00121A
__ptext12                     text12       000828
__ptext13                     text13       001228
__ptext14                     text14       000A10
__ptext15                     text15       001128
__ptext16                     text16       000C66
__ptext17                     text17       001160
__ptext18                     text18       000F96
__ptext2                      text2        0011A0
__ptext20                     text20       000D38
__ptext21                     text21       001236
__ptext22                     text22       001180
__ptext23                     text23       000FF2
__ptext3                      text3        0011D8
__ptext4                      text4        000F16
__ptext5                      text5        000E0A
__ptext6                      text6        00104E
__ptext7                      text7        0011FE
__ptext8                      text8        00109C
__ptext9                      text9        000E94
__ramtop                      ramtop       000800
__smallconst                  smallconst   000800
_c                            bssCOMRAM    000037
_dejar                        text5        000E0A
_detectar                     text4        000F16
_f                            bssCOMRAM    000038
_figura_1                     smallconst   000809
_figura_2                     smallconst   000801
_init_int                     text3        0011D8
_init_ports                   text2        0011A0
_main                         text0        000B44
_reposo                       text1        0010E6
btemp                         temp         00003C
end_of_initialization         cinit        0011CA
i1Lcd_Cmd@a                   cstackCOMRAM 000003
i1Lcd_Port@a                  cstackCOMRAM 000001
i1Lcd_Set_Cursor@a            cstackCOMRAM 000005
i1Lcd_Set_Cursor@b            cstackCOMRAM 000004
i1Lcd_Set_Cursor@temp         cstackCOMRAM 000008
i1Lcd_Set_Cursor@y            cstackCOMRAM 000007
i1Lcd_Set_Cursor@z            cstackCOMRAM 000006
i1_Lcd_Cmd                    text22       001180
i1_Lcd_Port                   text23       000FF2
i1_Lcd_Set_Cursor             text20       000D38
int$flags                     temp         00003C
int_func                      intcode_body 0011EC
intlevel0                     text         000000
intlevel1                     text         000000
intlevel2                     text         000000
intlevel3                     text         000000
isa$std                       (abs)        000001
isa$xinst                     (abs)        000000
stackhi                       (abs)        000000
stacklo                       (abs)        000000
start                         init         0000D8
start_initialization          cinit        0011BE
ttemp5                        temp         00003D
ttemp6                        temp         000040
ttemp7                        temp         000044
wtemp8                        temp         00003D


MODULE INFORMATION

Module		Function		Class		Link	Load	Size
ASCENSOR.c
		_LowISR        		CODE           	0018	0000	192
		_init_int      		CODE           	11D8	0000	20
		_main          		CODE           	0B44	0000	290
		_init_ports    		CODE           	11A0	0000	30
		_Modificar     		CODE           	104E	0000	78
		_Actualizar_Matriz		CODE           	0A10	0000	308
		_detectar      		CODE           	0F16	0000	128
		_reposo        		CODE           	10E6	0000	66
		_dejar         		CODE           	0E0A	0000	138
		_Stop          		CODE           	0008	0000	24

ASCENSOR.c estimated size: 1274

shared
		_figura_1      		SMALLCONST     	0809	0000	8
		_figura_2      		SMALLCONST     	0801	0000	8
		i1_Lcd_Port    		CODE           	0FF2	0000	92
		i1_Lcd_Cmd     		CODE           	1180	0000	32
		__initialization		CODE           	11BE	0000	12
		i1_Lcd_Set_Cursor		CODE           	0D38	0000	210

shared estimated size: 362

lcd.c
		_Lcd_Write_String		CODE           	109C	0000	74
		_Lcd_Init      		CODE           	0E94	0000	130
		_Lcd_CGRAM_Init		CODE           	121A	0000	14
		_Lcd_Write_Char		CODE           	1128	0000	56
		_Lcd_Blink     		CODE           	1236	0000	14
		_Lcd_Cmd       		CODE           	1160	0000	32
		_Lcd_CGRAM_Close		CODE           	1228	0000	14
		_Lcd_NoBlink   		CODE           	11FE	0000	14
		_Lcd_Set_Cursor		CODE           	0C66	0000	210
		_Lcd_Clear     		CODE           	120C	0000	14
		_Lcd_Port      		CODE           	0F96	0000	92
		_Lcd_CGRAM_CreateChar		CODE           	0828	0000	488

lcd.c estimated size: 1152

