Microchip MPLAB XC8 Compiler V3.00

Linker command line:

-W-3 \
  --edf=C:/Program Files/Microchip/MPLABX/v6.25/packs/Microchip/PIC18Fxxxx_DFP/1.7.171/xc8\pic\dat\20250117225543_en.msgs \
  -cn -h+dist/default/production\ALMACEN.X.production.sym \
  --cmf=dist/default/production\ALMACEN.X.production.cmf -z -Q18F4550 \
  -oC:\Users\Danie\AppData\Local\Temp\xcAsfb8.\driver_tmp_3.o \
  --defsym=__MPLAB_BUILD=1 --fixupoverflow=error \
  -Mdist/default/production/ALMACEN.X.production.map \
  --md=C:\Users\Danie\AppData\Local\Temp\xcAsfb8.\driver_tmp_0.dat -E1 \
  -ver=XC8 Compiler -ACODE=00h-07FFFh -ACONST=00h-07FFFh \
  -ASMALLCONST=0800h-08FFhx120 -AMEDIUMCONST=0800h-07FFFh -ACOMRAM=01h-05Fh \
  -AABS1=00h-07FFh -ABIGRAM=01h-07FFh -ARAM=060h-0FFh,0100h-01FFhx7 \
  -ABANK0=060h-0FFh -ABANK1=0100h-01FFh -ABANK2=0200h-02FFh \
  -ABANK3=0300h-03FFh -ABANK4=0400h-04FFh -ABANK5=0500h-05FFh \
  -ABANK6=0600h-06FFh -ABANK7=0700h-07FFh -ASFR=0F60h-0FFFh \
  -ABIGSFR=0F60h-0FFFh -ACONFIG=0300000h-030000Dh -AIDLOC=0200000h-0200007h \
  -AEEDATA=0F00000h-0F000FFh -peeprom_data=EEDATA \
  -preset_vec=00h,intcode=8h,intcodelo=18h,sivt_lo,sivt_hi=CODE \
  -ppowerup=CODE,init -pramtop=0800h -psmallconst=SMALLCONST \
  -pmediumconst=MEDIUMCONST -pconst=CONST -AFARRAM=00h-00h \
  -prdata=COMRAM,nvrram=COMRAM,nvbit=COMRAM,rbss=COMRAM,rbit=COMRAM \
  -pfarbss=FARRAM,fardata=FARRAM,nvFARRAM=FARRAM \
  -pintsave_regs=BIGRAM,bigbss=BIGRAM,bigdata=BIGRAM -pbss=RAM \
  -pidata=CODE,irdata=CODE,ibigdata=CODE,ifardata=CODE -prparam=COMRAM \
  C:\Users\Danie\AppData\Local\Temp\xcAsfb8.\driver_tmp_14.o \
  dist/default/production\ALMACEN.X.production.o 

Object code version is 3.11

Machine type is 18F4550



                Name                               Link     Load   Length Selector   Space Scale
C:\Users\Danie\AppData\Local\Temp\xcAsfb8.\driver_tmp_14.o
                config                           300000   300000        E        0       4
                init                                 D8       D8        4        C       0
                reset_vec                             0        0        4        0       0
dist/default/production\ALMACEN.X.production.o
                intcodelo                            18       18       C0        C       0
                intcode                               8        8        6        4       0
                config                           300000   300000        E        0       4
                temp                                 4A       4A        1        1       1
                smallconst                          800      800       4C      400       0
                intcode_body                       1D04     1D04       12      426       0
                text41                             1A7E     1A7E       5C      426       0
                text40                             1CB2     1CB2       20      426       0
                text39                             1D5E     1D5E        E      426       0
                text38                             1366     1366       D2      426       0
                text36                             1A22     1A22       5C      426       0
                text35                             1C92     1C92       20      426       0
                text34                             1D50     1D50        E      426       0
                text33                             1B5A     1B5A       38      426       0
                text32                              A5E      A5E      1E8      426       0
                text31                             1D42     1D42        E      426       0
                text30                             1D34     1D34        E      426       0
                text29                             17F0     17F0       82      426       0
                text28                             1D26     1D26        E      426       0
                text27                             19C2     19C2       60      426       0
                text26                             1BFA     1BFA       32      426       0
                text25                             176C     176C       84      426       0
                text24                             1294     1294       D2      426       0
                text23                             1192     1192      102      426       0
                text22                             1C72     1C72       20      426       0
                text21                             1D16     1D16       10      426       0
                text20                             18F0     18F0       72      426       0
                text19                             1962     1962       60      426       0
                text18                             16E8     16E8       84      426       0
                text17                              84C      84C      212      426       0
                text16                             1872     1872       7E      426       0
                text15                             1438     1438       C2      426       0
                text14                             14FA     14FA       AE      426       0
                text13                             1BC6     1BC6       34      426       0
                text12                             1D6C     1D6C        2      426       0
                text11                             15A8     15A8       AA      426       0
                text10                              C46      C46      1BA      426       0
                text9                              1B1C     1B1C       3E      426       0
                text8                              1B92     1B92       34      426       0
                text7                              1C52     1C52       20      426       0
                text6                               E00      E00      14E      426       0
                text5                              1652     1652       96      426       0
                text4                              1082     1082      110      426       0
                text3                              1CF0     1CF0       14      426       0
                text2                              1CD2     1CD2       1E      426       0
                text1                              1ADA     1ADA       42      426       0
                text0                               F4E      F4E      134      426       0
                cstackCOMRAM                          1        1       3D        1       1
                cstackBANK0                          8B       8B       14       60       1
                bssBANK0                             60       60       2B       60       1
                bssCOMRAM                            3E       3E        C        1       1
                cinit                              1C2C     1C2C       26      426       0

TOTAL           Name                               Link     Load   Length     Space
        CLASS   CODE           
                intcodelo                            18       18       C0         0
                intcode                               8        8        6         0
                init                                 D8       D8        4         0
                reset_vec                             0        0        4         0
                intcode_body                       1D04     1D04       12         0
                text41                             1A7E     1A7E       5C         0
                text40                             1CB2     1CB2       20         0
                text39                             1D5E     1D5E        E         0
                text38                             1366     1366       D2         0
                text36                             1A22     1A22       5C         0
                text35                             1C92     1C92       20         0
                text34                             1D50     1D50        E         0
                text33                             1B5A     1B5A       38         0
                text32                              A5E      A5E      1E8         0
                text31                             1D42     1D42        E         0
                text30                             1D34     1D34        E         0
                text29                             17F0     17F0       82         0
                text28                             1D26     1D26        E         0
                text27                             19C2     19C2       60         0
                text26                             1BFA     1BFA       32         0
                text25                             176C     176C       84         0
                text24                             1294     1294       D2         0
                text23                             1192     1192      102         0
                text22                             1C72     1C72       20         0
                text21                             1D16     1D16       10         0
                text20                             18F0     18F0       72         0
                text19                             1962     1962       60         0
                text18                             16E8     16E8       84         0
                text17                              84C      84C      212         0
                text16                             1872     1872       7E         0
                text15                             1438     1438       C2         0
                text14                             14FA     14FA       AE         0
                text13                             1BC6     1BC6       34         0
                text12                             1D6C     1D6C        2         0
                text11                             15A8     15A8       AA         0
                text10                              C46      C46      1BA         0
                text9                              1B1C     1B1C       3E         0
                text8                              1B92     1B92       34         0
                text7                              1C52     1C52       20         0
                text6                               E00      E00      14E         0
                text5                              1652     1652       96         0
                text4                              1082     1082      110         0
                text3                              1CF0     1CF0       14         0
                text2                              1CD2     1CD2       1E         0
                text1                              1ADA     1ADA       42         0
                text0                               F4E      F4E      134         0
                cinit                              1C2C     1C2C       26         0

        CLASS   CONST          

        CLASS   SMALLCONST     
                smallconst                          800      800       4C         0

        CLASS   MEDIUMCONST    

        CLASS   COMRAM         
                temp                                 4A       4A        1         1
                cstackCOMRAM                          1        1       3D         1
                bssCOMRAM                            3E       3E        C         1

        CLASS   ABS1           

        CLASS   BIGRAM         

        CLASS   RAM            

        CLASS   BANK0          
                cstackBANK0                          8B       8B       14         1
                bssBANK0                             60       60       2B         1

        CLASS   BANK1          

        CLASS   BANK2          

        CLASS   BANK3          

        CLASS   BANK4          

        CLASS   BANK5          

        CLASS   BANK6          

        CLASS   BANK7          

        CLASS   SFR            

        CLASS   BIGSFR         

        CLASS   CONFIG         
                config                           300000   300000        E         4

        CLASS   IDLOC          

        CLASS   EEDATA         

        CLASS   FARRAM         

        CLASS   HEAP           

        CLASS   STACK          



SEGMENTS        Name                           Load    Length   Top    Selector   Space  Class

                reset_vec                      000000  000004  000004         0       0  CODE    
                cstackCOMRAM                   000001  00004A  00004B         1       1  COMRAM  
                intcode                        000008  000006  00000E         4       0  CODE    
                intcodelo                      000018  0000C4  0000DC         C       0  CODE    
                bssBANK0                       000060  00003F  00009F        60       1  BANK0   
                smallconst                     000800  00004C  00084C       400       0  SMALLCON
                text17                         00084C  001522  001D6E       426       0  CODE    


UNUSED ADDRESS RANGES

        Name                Unused          Largest block    Delta
        BANK0            00009F-0000FF               61
        BANK1            000100-0001FF              100
        BANK2            000200-0002FF              100
        BANK3            000300-0003FF              100
        BANK4            000400-0004FF              100
        BANK5            000500-0005FF              100
        BANK6            000600-0006FF              100
        BANK7            000700-0007FF              100
        BIGRAM           00004B-00005F               15
                         00009F-0007FF              761
        BIGSFR           000F60-000FFF               A0
        CODE             000004-000007                4
                         00000E-000017                A
                         0000DC-0007FF              724
                         001D6E-007FFF             6292
        COMRAM           00004B-00005F               15
        CONST            000004-000007                4
                         00000E-000017                A
                         0000DC-0007FF              724
                         001D6E-007FFF             6292
        EEDATA           F00000-F000FF              100
        IDLOC            200000-200007                8
        MEDIUMCONST      001D6E-007FFF             6292
        RAM              00009F-0007FF              100
        SFR              000F60-000FFF               A0
        SMALLCONST       001D6E-007FFF              100

                                  Symbol Table

?___awdiv                     cstackCOMRAM 00000D
?___awmod                     cstackCOMRAM 00000D
?_abs                         cstackCOMRAM 000013
?_sprintf                     cstackCOMRAM 000026
?_vfprintf                    cstackCOMRAM 000022
Actualizar_Matriz@acum        cstackCOMRAM 000015
Actualizar_Matriz@i           cstackCOMRAM 000016
Actualizar_Matriz@i_692       cstackCOMRAM 000017
Actualizar_Matriz@i_693       cstackCOMRAM 000018
Clear@i                       cstackCOMRAM 00000F
EEPROM_Read@dir               cstackCOMRAM 00000D
EEPROM_Write@data             cstackCOMRAM 00000D
EEPROM_Write@dir              cstackCOMRAM 00000E
Lcd_CGRAM_CreateChar@add      cstackCOMRAM 000013
Lcd_CGRAM_CreateChar@chardata cstackCOMRAM 000011
Lcd_CGRAM_CreateChar@i        cstackCOMRAM 000014
Lcd_CGRAM_CreateChar@i_910    cstackCOMRAM 000015
Lcd_CGRAM_CreateChar@i_911    cstackCOMRAM 000016
Lcd_CGRAM_CreateChar@i_912    cstackCOMRAM 000017
Lcd_CGRAM_CreateChar@i_913    cstackCOMRAM 000018
Lcd_CGRAM_CreateChar@i_914    cstackCOMRAM 000019
Lcd_CGRAM_CreateChar@i_915    cstackCOMRAM 00001A
Lcd_CGRAM_CreateChar@i_916    cstackCOMRAM 00001B
Lcd_Cmd@a                     cstackCOMRAM 00000F
Lcd_Port@a                    cstackCOMRAM 00000D
Lcd_Set_Cursor@a              cstackCOMRAM 000011
Lcd_Set_Cursor@b              cstackCOMRAM 000010
Lcd_Set_Cursor@temp           cstackCOMRAM 000014
Lcd_Set_Cursor@y              cstackCOMRAM 000013
Lcd_Set_Cursor@z              cstackCOMRAM 000012
Lcd_Write_Char@a              cstackCOMRAM 000010
Lcd_Write_Char@temp           cstackCOMRAM 00000E
Lcd_Write_Char@y              cstackCOMRAM 00000F
Lcd_Write_String@a            cstackCOMRAM 000011
Lcd_Write_String@i            cstackCOMRAM 000015
LowISR@dummy                  cstackCOMRAM 00000C
MOD@C                         cstackCOMRAM 00000D
MOD@F                         cstackCOMRAM 00000F
MOD@x                         cstackCOMRAM 00000E
_ADCON1bits                   (abs)        000FC1
_Actualizar_Matriz            text23       001192
_BLANCA                       bssCOMRAM    000048
_Clear                        text22       001C72
_Delay                        bssBANK0     000087
_EEADR                        (abs)        000FA9
_EECON1bits                   (abs)        000FA6
_EECON2                       (abs)        000FA7
_EEDATA                       (abs)        000FA8
_EEPROM_Read                  text21       001D16
_EEPROM_Write                 text26       001BFA
_Fila1                        bssCOMRAM    000041
_Fila2                        bssCOMRAM    00003E
_Fila3                        bssBANK0     000080
_INTCON                       (abs)        000FF2
_INTCON2bits                  (abs)        000FF1
_INTCONbits                   (abs)        000FF2
_LATA                         (abs)        000F89
_LATB                         (abs)        000F8A
_LATC                         (abs)        000F8B
_LATCbits                     (abs)        000F8B
_LATD                         (abs)        000F8C
_LATDbits                     (abs)        000F8C
_LATE                         (abs)        000F8D
_LATEbits                     (abs)        000F8D
_Lcd_Blink                    text39       001D5E
_Lcd_CGRAM_Close              text34       001D50
_Lcd_CGRAM_CreateChar         text32       000A5E
_Lcd_CGRAM_Init               text31       001D42
_Lcd_Clear                    text30       001D34
_Lcd_Cmd                      text35       001C92
_Lcd_Init                     text29       0017F0
_Lcd_NoBlink                  text28       001D26
_Lcd_Port                     text36       001A22
_Lcd_Set_Cursor               text24       001294
_Lcd_Write_Char               text33       001B5A
_Lcd_Write_String             text16       001872
_LowISR                       intcodelo    000018
_METAL                        bssCOMRAM    000049
_MOD                          text27       0019C2
_Modificar                    text18       0016E8
_NEGRA                        bssCOMRAM    000047
_PIR2bits                     (abs)        000FA1
_PORTAbits                    (abs)        000F80
_PORTB                        (abs)        000F81
_PORTBbits                    (abs)        000F81
_PORTCbits                    (abs)        000F82
_RCONbits                     (abs)        000FD0
_SALTO                        bssBANK0     000089
_Stop                         intcode      000008
_T0CON                        (abs)        000FD5
_T0CONbits                    (abs)        000FD5
_TMR0L                        (abs)        000FD6
_TRISA                        (abs)        000F92
_TRISB                        (abs)        000F93
_TRISC                        (abs)        000F94
_TRISCbits                    (abs)        000F94
_TRISD                        (abs)        000F95
_TRISDbits                    (abs)        000F95
_TRISE                        (abs)        000F96
__HRAM                        (abs)        000000
__H__absolute__               __absolute__ 000000
__Habs1                       abs1         000000
__Hbank0                      bank0        000000
__Hbank1                      bank1        000000
__Hbank2                      bank2        000000
__Hbank3                      bank3        000000
__Hbank4                      bank4        000000
__Hbank5                      bank5        000000
__Hbank6                      bank6        000000
__Hbank7                      bank7        000000
__Hbigbss                     bigbss       000000
__Hbigdata                    bigdata      000000
__Hbigram                     bigram       000000
__Hbigsfr                     bigsfr       000000
__Hbss                        bss          000000
__HbssBANK0                   bssBANK0     000000
__HbssCOMRAM                  bssCOMRAM    000000
__Hcinit                      cinit        000000
__Hclrtext                    clrtext      000000
__Hcomram                     comram       000000
__Hconfig                     config       30000E
__Hconst                      const        000000
__HcstackBANK0                cstackBANK0  000000
__HcstackCOMRAM               cstackCOMRAM 000000
__Hdata                       data         000000
__Heeprom_data                eeprom_data  000000
__Hfarbss                     farbss       000000
__Hfardata                    fardata      000000
__Hheap                       heap         000000
__Hibigdata                   ibigdata     000000
__Hidata                      idata        000000
__Hidloc                      idloc        000000
__Hifardata                   ifardata     000000
__Hinit                       init         0000DC
__Hintcode                    intcode      00000E
__Hintcode_body               intcode_body 000000
__Hintcodelo                  intcodelo    0000D8
__Hintentry                   intentry     000000
__Hintret                     intret       000000
__Hintsave_regs               intsave_regs 000000
__Hirdata                     irdata       000000
__Hmediumconst                mediumconst  000000
__HnvFARRAM                   nvFARRAM     000000
__Hnvbit                      nvbit        000000
__Hnvrram                     nvrram       000000
__Hparam                      rparam       000000
__Hpowerup                    powerup      000000
__Hram                        ram          000000
__Hramtop                     ramtop       000800
__Hrbit                       rbit         000000
__Hrbss                       rbss         000000
__Hrdata                      rdata        000000
__Hreset_vec                  reset_vec    000004
__Hrparam                     rparam       000000
__Hsfr                        sfr          000000
__Hsivt_hi                    sivt_hi      000000
__Hsivt_lo                    sivt_lo      0000D8
__Hsmallconst                 smallconst   00084C
__Hspace_0                    (abs)        001D6E
__Hspace_1                    (abs)        00009F
__Hspace_2                    (abs)        000000
__Hspace_4                    (abs)        60000E
__Hstack                      stack        000000
__Hstruct                     struct       000000
__Htemp                       temp         00004B
__Htext                       text         000000
__Htext0                      text0        000000
__Htext1                      text1        000000
__Htext10                     text10       000000
__Htext11                     text11       000000
__Htext12                     text12       000000
__Htext13                     text13       000000
__Htext14                     text14       000000
__Htext15                     text15       000000
__Htext16                     text16       000000
__Htext17                     text17       000000
__Htext18                     text18       000000
__Htext19                     text19       000000
__Htext2                      text2        000000
__Htext20                     text20       000000
__Htext21                     text21       000000
__Htext22                     text22       000000
__Htext23                     text23       000000
__Htext24                     text24       000000
__Htext25                     text25       000000
__Htext26                     text26       000000
__Htext27                     text27       000000
__Htext28                     text28       000000
__Htext29                     text29       000000
__Htext3                      text3        000000
__Htext30                     text30       000000
__Htext31                     text31       000000
__Htext32                     text32       000000
__Htext33                     text33       000000
__Htext34                     text34       000000
__Htext35                     text35       000000
__Htext36                     text36       000000
__Htext38                     text38       000000
__Htext39                     text39       000000
__Htext4                      text4        000000
__Htext40                     text40       000000
__Htext41                     text41       000000
__Htext5                      text5        000000
__Htext6                      text6        000000
__Htext7                      text7        000000
__Htext8                      text8        000000
__Htext9                      text9        000000
__LRAM                        (abs)        000001
__L__absolute__               __absolute__ 000000
__Labs1                       abs1         000000
__Lbank0                      bank0        000000
__Lbank1                      bank1        000000
__Lbank2                      bank2        000000
__Lbank3                      bank3        000000
__Lbank4                      bank4        000000
__Lbank5                      bank5        000000
__Lbank6                      bank6        000000
__Lbank7                      bank7        000000
__Lbigbss                     bigbss       000000
__Lbigdata                    bigdata      000000
__Lbigram                     bigram       000000
__Lbigsfr                     bigsfr       000000
__Lbss                        bss          000000
__LbssBANK0                   bssBANK0     000000
__LbssCOMRAM                  bssCOMRAM    000000
__Lcinit                      cinit        000000
__Lclrtext                    clrtext      000000
__Lcomram                     comram       000000
__Lconfig                     config       000000
__Lconst                      const        000000
__LcstackBANK0                cstackBANK0  000000
__LcstackCOMRAM               cstackCOMRAM 000000
__Ldata                       data         000000
__Leeprom_data                eeprom_data  000000
__Lfarbss                     farbss       000000
__Lfardata                    fardata      000000
__Lheap                       heap         000000
__Libigdata                   ibigdata     000000
__Lidata                      idata        000000
__Lidloc                      idloc        000000
__Lifardata                   ifardata     000000
__Linit                       init         0000D8
__Lintcode                    intcode      000008
__Lintcode_body               intcode_body 000000
__Lintcodelo                  intcodelo    000018
__Lintentry                   intentry     000000
__Lintret                     intret       000000
__Lintsave_regs               intsave_regs 000000
__Lirdata                     irdata       000000
__Lmediumconst                mediumconst  000000
__LnvFARRAM                   nvFARRAM     000000
__Lnvbit                      nvbit        000000
__Lnvrram                     nvrram       000000
__Lparam                      rparam       000000
__Lpowerup                    powerup      000000
__Lram                        ram          000000
__Lramtop                     ramtop       000800
__Lrbit                       rbit         000000
__Lrbss                       rbss         000000
__Lrdata                      rdata        000000
__Lreset_vec                  reset_vec    000000
__Lrparam                     rparam       000000
__Lsfr                        sfr          000000
__Lsivt_hi                    sivt_hi      000000
__Lsivt_lo                    sivt_lo      0000D8
__Lsmallconst                 smallconst   000800
__Lspace_0                    (abs)        000000
__Lspace_1                    (abs)        000000
__Lspace_2                    (abs)        000000
__Lspace_4                    (abs)        000000
__Lstack                      stack        000000
__Lstruct                     struct       000000
__Ltemp                       temp         00004A
__Ltext                       text         000000
__Ltext0                      text0        000000
__Ltext1                      text1        000000
__Ltext10                     text10       000000
__Ltext11                     text11       000000
__Ltext12                     text12       000000
__Ltext13                     text13       000000
__Ltext14                     text14       000000
__Ltext15                     text15       000000
__Ltext16                     text16       000000
__Ltext17                     text17       000000
__Ltext18                     text18       000000
__Ltext19                     text19       000000
__Ltext2                      text2        000000
__Ltext20                     text20       000000
__Ltext21                     text21       000000
__Ltext22                     text22       000000
__Ltext23                     text23       000000
__Ltext24                     text24       000000
__Ltext25                     text25       000000
__Ltext26                     text26       000000
__Ltext27                     text27       000000
__Ltext28                     text28       000000
__Ltext29                     text29       000000
__Ltext3                      text3        000000
__Ltext30                     text30       000000
__Ltext31                     text31       000000
__Ltext32                     text32       000000
__Ltext33                     text33       000000
__Ltext34                     text34       000000
__Ltext35                     text35       000000
__Ltext36                     text36       000000
__Ltext38                     text38       000000
__Ltext39                     text39       000000
__Ltext4                      text4        000000
__Ltext40                     text40       000000
__Ltext41                     text41       000000
__Ltext5                      text5        000000
__Ltext6                      text6        000000
__Ltext7                      text7        000000
__Ltext8                      text8        000000
__Ltext9                      text9        000000
__S0                          (abs)        001D6E
__S1                          (abs)        00009F
__S4                          (abs)        000000
__S5                          (abs)        000000
___awdiv                      text15       001438
___awdiv@counter              cstackCOMRAM 000011
___awdiv@dividend             cstackCOMRAM 00000D
___awdiv@divisor              cstackCOMRAM 00000F
___awdiv@quotient             cstackCOMRAM 000013
___awdiv@sign                 cstackCOMRAM 000012
___awmod                      text14       0014FA
___awmod@counter              cstackCOMRAM 000011
___awmod@dividend             cstackCOMRAM 00000D
___awmod@divisor              cstackCOMRAM 00000F
___awmod@sign                 cstackCOMRAM 000012
___heap_hi                    (abs)        000000
___heap_lo                    (abs)        000000
___inthi_sp                   stack        000000
___inthi_stack_hi             stack        000000
___inthi_stack_lo             stack        000000
___intlo_sp                   stack        000000
___intlo_stack_hi             stack        000000
___intlo_stack_lo             stack        000000
___param_bank                 (abs)        000000
___rparam_used                (abs)        000001
___sp                         stack        000000
___stack_hi                   stack        000000
___stack_lo                   stack        000000
__accesstop                   (abs)        000060
__activetblptr                (abs)        000002
__end_of_Actualizar_Matriz    text23       001294
__end_of_Clear                text22       001C92
__end_of_EEPROM_Read          text21       001D26
__end_of_EEPROM_Write         text26       001C2C
__end_of_Lcd_Blink            text39       001D6C
__end_of_Lcd_CGRAM_Close      text34       001D5E
__end_of_Lcd_CGRAM_CreateChar text32       000C46
__end_of_Lcd_CGRAM_Init       text31       001D50
__end_of_Lcd_Clear            text30       001D42
__end_of_Lcd_Cmd              text35       001CB2
__end_of_Lcd_Init             text29       001872
__end_of_Lcd_NoBlink          text28       001D34
__end_of_Lcd_Port             text36       001A7E
__end_of_Lcd_Set_Cursor       text24       001366
__end_of_Lcd_Write_Char       text33       001B92
__end_of_Lcd_Write_String     text16       0018F0
__end_of_LowISR               intcodelo    0000D8
__end_of_MOD                  text27       001A22
__end_of_Modificar            text18       00176C
__end_of_Stop                 intcode_body 001D16
__end_of___awdiv              text15       0014FA
__end_of___awmod              text14       0015A8
__end_of__initialization      cinit        001C44
__end_of_abs                  text13       001BFA
__end_of_calibrar             text17       000A5E
__end_of_dejar                text6        000F4E
__end_of_detectar             text5        0016E8
__end_of_estado               text20       001962
__end_of_figura_1             smallconst   000811
__end_of_figura_2             smallconst   000809
__end_of_fputc                text11       001652
__end_of_full                 text4        001192
__end_of_guardar              text25       0017F0
__end_of_init_int             text3        001D04
__end_of_init_ports           text2        001CF0
__end_of_main                 text0        001082
__end_of_mostrar_variable     text7        001C72
__end_of_probar_1sg           text19       0019C2
__end_of_putch                text12       001D6E
__end_of_reposo               text1        001B1C
__end_of_sprintf              text8        001BC6
__end_of_vfpfcnvrt            text10       000E00
__end_of_vfprintf             text9        001B5A
__end_ofi1_Lcd_Cmd            text40       001CD2
__end_ofi1_Lcd_Port           text41       001ADA
__end_ofi1_Lcd_Set_Cursor     text38       001438
__initialization              cinit        001C2C
__mediumconst                 smallconst   000800
__pbssBANK0                   bssBANK0     000060
__pbssCOMRAM                  bssCOMRAM    00003E
__pcinit                      cinit        001C2C
__pcstackBANK0                cstackBANK0  00008B
__pcstackCOMRAM               cstackCOMRAM 000001
__pintcode                    intcode      000008
__pintcode_body               intcode_body 001D04
__pintcodelo                  intcodelo    000018
__psmallconst                 smallconst   000800
__ptext0                      text0        000F4E
__ptext1                      text1        001ADA
__ptext10                     text10       000C46
__ptext11                     text11       0015A8
__ptext12                     text12       001D6C
__ptext13                     text13       001BC6
__ptext14                     text14       0014FA
__ptext15                     text15       001438
__ptext16                     text16       001872
__ptext17                     text17       00084C
__ptext18                     text18       0016E8
__ptext19                     text19       001962
__ptext2                      text2        001CD2
__ptext20                     text20       0018F0
__ptext21                     text21       001D16
__ptext22                     text22       001C72
__ptext23                     text23       001192
__ptext24                     text24       001294
__ptext25                     text25       00176C
__ptext26                     text26       001BFA
__ptext27                     text27       0019C2
__ptext28                     text28       001D26
__ptext29                     text29       0017F0
__ptext3                      text3        001CF0
__ptext30                     text30       001D34
__ptext31                     text31       001D42
__ptext32                     text32       000A5E
__ptext33                     text33       001B5A
__ptext34                     text34       001D50
__ptext35                     text35       001C92
__ptext36                     text36       001A22
__ptext38                     text38       001366
__ptext39                     text39       001D5E
__ptext4                      text4        001082
__ptext40                     text40       001CB2
__ptext41                     text41       001A7E
__ptext5                      text5        001652
__ptext6                      text6        000E00
__ptext7                      text7        001C52
__ptext8                      text8        001B92
__ptext9                      text9        001B1C
__ramtop                      ramtop       000800
__smallconst                  smallconst   000800
_abs                          text13       001BC6
_c                            bssCOMRAM    000045
_calibrar                     text17       00084C
_dbuf                         bssBANK0     000060
_dejar                        text6        000E00
_detectar                     text5        001652
_estado                       text20       0018F0
_f                            bssCOMRAM    000046
_figura_1                     smallconst   000809
_figura_2                     smallconst   000801
_flags                        bssCOMRAM    000044
_fputc                        text11       0015A8
_full                         text4        001082
_guardar                      text25       00176C
_init_int                     text3        001CF0
_init_ports                   text2        001CD2
_main                         text0        000F4E
_mostrar_variable             text7        001C52
_prec                         bssBANK0     000085
_probar_1sg                   text19       001962
_putch                        text12       001D6C
_reposo                       text1        001ADA
_sprintf                      text8        001B92
_vfpfcnvrt                    text10       000C46
_vfprintf                     text9        001B1C
_width                        bssBANK0     000083
abs@a                         cstackCOMRAM 000013
btemp                         temp         00004A
dejar@acum                    cstackCOMRAM 00003A
end_of_initialization         cinit        001C44
estado@i                      cstackCOMRAM 00000E
estado@i_704                  cstackCOMRAM 00000F
estado@i_705                  cstackCOMRAM 000010
fputc@c                       cstackCOMRAM 00000D
fputc@fp                      cstackCOMRAM 00000F
full@i                        cstackCOMRAM 00000E
full@i_748                    cstackCOMRAM 000010
full@i_749                    cstackCOMRAM 000012
full@suma                     cstackCOMRAM 000014
guardar@i                     cstackCOMRAM 000010
guardar@i_699                 cstackCOMRAM 000011
guardar@i_700                 cstackCOMRAM 000012
guardar@media                 cstackCOMRAM 00000F
i1Lcd_Cmd@a                   cstackCOMRAM 000003
i1Lcd_Port@a                  cstackCOMRAM 000001
i1Lcd_Set_Cursor@a            cstackCOMRAM 000005
i1Lcd_Set_Cursor@b            cstackCOMRAM 000004
i1Lcd_Set_Cursor@temp         cstackCOMRAM 000008
i1Lcd_Set_Cursor@y            cstackCOMRAM 000007
i1Lcd_Set_Cursor@z            cstackCOMRAM 000006
i1_Lcd_Cmd                    text40       001CB2
i1_Lcd_Port                   text41       001A7E
i1_Lcd_Set_Cursor             text38       001366
int$flags                     temp         00004A
int_func                      intcode_body 001D04
intlevel0                     text         000000
intlevel1                     text         000000
intlevel2                     text         000000
intlevel3                     text         000000
isa$std                       (abs)        000001
isa$xinst                     (abs)        000000
mostrar_variable@buffer       cstackBANK0  00008B
mostrar_variable@x            cstackCOMRAM 000036
sprintf@ap                    cstackCOMRAM 00002A
sprintf@f                     cstackCOMRAM 00002B
sprintf@fmt                   cstackCOMRAM 000027
sprintf@s                     cstackCOMRAM 000026
stackhi                       (abs)        000000
stacklo                       (abs)        000000
start                         init         0000D8
start_initialization          cinit        001C2C
ttemp5                        temp         00004B
ttemp6                        temp         00004E
ttemp7                        temp         000052
vfpfcnvrt@ap                  cstackCOMRAM 000019
vfpfcnvrt@c                   cstackCOMRAM 000021
vfpfcnvrt@convarg             cstackCOMRAM 00001D
vfpfcnvrt@cp                  cstackCOMRAM 00001C
vfpfcnvrt@done                cstackCOMRAM 00001B
vfpfcnvrt@fmt                 cstackCOMRAM 000018
vfpfcnvrt@fp                  cstackCOMRAM 000017
vfprintf@ap                   cstackCOMRAM 000024
vfprintf@cfmt                 cstackCOMRAM 000025
vfprintf@fmt                  cstackCOMRAM 000023
vfprintf@fp                   cstackCOMRAM 000022
wtemp8                        temp         00004B


MODULE INFORMATION

Module		Function		Class		Link	Load	Size
C:\Program Files\Microchip\xc8\v3.00\pic\sources\c99\common\abs.c
		_abs           		CODE           	1BC6	0000	52

C:\Program Files\Microchip\xc8\v3.00\pic\sources\c99\common\abs.c estimated size: 52

ASCENSOR.c
		_mostrar_variable		CODE           	1C52	0000	32
		_LowISR        		CODE           	0018	0000	192
		_init_int      		CODE           	1CF0	0000	20
		_probar_1sg    		CODE           	1962	0000	96
		_main          		CODE           	0F4E	0000	308
		_init_ports    		CODE           	1CD2	0000	30
		_estado        		CODE           	18F0	0000	114
		_Modificar     		CODE           	16E8	0000	132
		_Clear         		CODE           	1C72	0000	32
		_Actualizar_Matriz		CODE           	1192	0000	258
		_MOD           		CODE           	19C2	0000	96
		_full          		CODE           	1082	0000	272
		_detectar      		CODE           	1652	0000	150
		_guardar       		CODE           	176C	0000	132
		_calibrar      		CODE           	084C	0000	530
		_reposo        		CODE           	1ADA	0000	66
		_dejar         		CODE           	0E00	0000	334
		_Stop          		CODE           	0008	0000	24

ASCENSOR.c estimated size: 2818

C:\Program Files\Microchip\xc8\v3.00\pic\sources\c99\common\nf_fputc.c
		_fputc         		CODE           	15A8	0000	170

C:\Program Files\Microchip\xc8\v3.00\pic\sources\c99\common\nf_fputc.c estimated size: 170

C:\Program Files\Microchip\xc8\v3.00\pic\sources\c99\common\nf_sprintf.c
		_sprintf       		CODE           	1B92	0000	52

C:\Program Files\Microchip\xc8\v3.00\pic\sources\c99\common\nf_sprintf.c estimated size: 52

../EEPROM_RW.X/eeprom.c
		_EEPROM_Read   		CODE           	1D16	0000	16
		_EEPROM_Write  		CODE           	1BFA	0000	50

../EEPROM_RW.X/eeprom.c estimated size: 66

C:\Program Files\Microchip\xc8\v3.00\pic\sources\c99\common\awmod.c
		___awmod       		CODE           	14FA	0000	174

C:\Program Files\Microchip\xc8\v3.00\pic\sources\c99\common\awmod.c estimated size: 174

C:\Program Files\Microchip\xc8\v3.00\pic\sources\c99\common\putch.c
		_putch         		CODE           	1D6C	0000	2

C:\Program Files\Microchip\xc8\v3.00\pic\sources\c99\common\putch.c estimated size: 2

shared
		_figura_1      		SMALLCONST     	0809	0000	8
		_figura_2      		SMALLCONST     	0801	0000	8
		i1_Lcd_Port    		CODE           	1A7E	0000	92
		i1_Lcd_Cmd     		CODE           	1CB2	0000	32
		__initialization		CODE           	1C2C	0000	24
		i1_Lcd_Set_Cursor		CODE           	1366	0000	210

shared estimated size: 374

lcd.c
		_Lcd_Write_String		CODE           	1872	0000	126
		_Lcd_Init      		CODE           	17F0	0000	130
		_Lcd_CGRAM_Init		CODE           	1D42	0000	14
		_Lcd_Write_Char		CODE           	1B5A	0000	56
		_Lcd_Blink     		CODE           	1D5E	0000	14
		_Lcd_Cmd       		CODE           	1C92	0000	32
		_Lcd_CGRAM_Close		CODE           	1D50	0000	14
		_Lcd_NoBlink   		CODE           	1D26	0000	14
		_Lcd_Set_Cursor		CODE           	1294	0000	210
		_Lcd_Clear     		CODE           	1D34	0000	14
		_Lcd_Port      		CODE           	1A22	0000	92
		_Lcd_CGRAM_CreateChar		CODE           	0A5E	0000	488

lcd.c estimated size: 1204

C:\Program Files\Microchip\xc8\v3.00\pic\sources\c99\common\awdiv.c
		___awdiv       		CODE           	1438	0000	194

C:\Program Files\Microchip\xc8\v3.00\pic\sources\c99\common\awdiv.c estimated size: 194

C:\Program Files\Microchip\xc8\v3.00\pic\sources\c99\common\doprnt.c
		_vfpfcnvrt     		CODE           	0C46	0000	442
		_vfprintf      		CODE           	1B1C	0000	62

C:\Program Files\Microchip\xc8\v3.00\pic\sources\c99\common\doprnt.c estimated size: 504

